exit: 0
stdout:
arm 1
drop 1
drop 2
opt 3
drop 3
y 2
tail 4
drop 4
drop 11
field 10
drop 10
drop 19
drop 21
tuple 20 7
drop 20
drop 31
boxbox 30
drop 30
partial 40
drop 40
drop 41
drop 49
drop 51
cf 50
drop 50
cf end
drop 59
cf end
drop 50
drop 51
drop 59
whole 60
drop 60
drop 61
drop 69
drop 71
nested 70
drop 70
drop 79
drop 81
cl 80
drop 80
cl end
cl end
drop 80
drop 81
cp 90
drop 90
cp end
drop 91
cp end
drop 90
drop 91
drop 101
mm 100
drop 100
mm end
mm e 111
drop 111
mm end
drop 110
mm none
mm end
drop 120
drop 121
drop 202
lb 201
drop 201
lb end
drop 299
lb end
drop 205
drop 206
drop 299
drop 301
param 300
drop 300
param end
param end
drop 310
drop 311
drop 401
cbb 400
drop 400
cbb end
cbb end
drop 400
drop 401
cpf 500
drop 500
cpf end
drop 501
drop 599
cpf end
drop 500
drop 501
drop 599
drop 601
drop 600
drop 699
ie 600
drop 600
drop 601
drop 699
ie 0
drop 801
guard 800
drop 800
guard end
guard keep 810
drop 810
drop 811
guard end
ta 700
drop 700
drop 701
ta end
drop 709
ta e 711
drop 711
ta end
drop 710
drop 719
ta end
drop 720
drop 721
drop 729
