exit: 0
stdout:
eat 1
drop 1
drop 2
overlap end
drop 0
drop 9
take 12
drop 12
overlap end
drop 10
drop 11
drop 19
overlap none
overlap end
drop 20
drop 21
drop 22
drop 29
eat 101
drop 101
drop 102
after_sibling end
drop 100
drop 109
after_sibling end
drop 100
drop 101
drop 102
drop 109
take 202
drop 202
tuple_root end
drop 200
drop 201
drop 209
tuple_root end
drop 200
drop 201
drop 202
drop 209
take 301
drop 301
two_arms end
drop 300
drop 302
drop 309
take 309
drop 309
two_arms end
drop 300
drop 301
drop 302
take 402
drop 402
loop_arm end
drop 400
drop 401
drop 409
loop_arm end
drop 400
drop 401
drop 402
drop 409
whole 500
drop 500
drop 501
drop 502
drop 509
whole_or_part end
eat 501
drop 501
drop 502
whole_or_part end
drop 500
drop 509
whole_or_part end
drop 500
drop 501
drop 502
drop 509
take 602
drop 602
take 600
drop 600
then_static end
drop 601
drop 609
take 600
drop 600
then_static end
drop 601
drop 602
drop 609
