exit: 0
stdout:
drop 0
eat 1
drop 1
drop 2
while end
drop 10
eat 11
drop 11
drop 12
for end
drop 20
eat 21
drop 21
drop 22
drop 23
binding end
keep 30
drop 30
eat 31
drop 31
else end
drop 40
eat 41
drop 41
eat 42
drop 42
cb end
drop 50
m 51
drop 51
drop 52
co end
drop 60
eat 61
drop 61
drop 62
bb end
saw 70
drop 70
eat 71
drop 71
saw 72
drop 72
bc end
drop 81
drop 83
kept 2
drop 80
drop 82
eat 90
drop 90
drop 91
r 91
eat 90
drop 90
drop 91
drop 92
r -1
