exit: 0
stdout:
== Memoria PMap<K, V> — typed, safe, ordered ==

[1] PMap<u64, i64>
    for (k,v) in m.iter():  1=>100  2=>200  3=>300  4=>400  5=>500
    m.get(2) = Some(200)
    m.contains(9)=false  m.len()=5
    after remove(3): contains(3)=false  len()=4

[2] PMap<i64, bool>  (same engine, no new monomorphization of the B+tree)
    entries:  -1=>true  0=>true  2=>false

[3] snapshot
    after insert into original: original.len()=5  snapshot.len()=4

== safe typed API; one compiled engine for all K/V ==
