exit: 0
stdout:
== Memoria: one compiled container, runtime key/value types ==

[1] OrdMap<key=u64, val=i64>  (key type resolved at runtime)
    ordered walk:  1=>100  2=>200  3=>300  4=>400  5=>500
    get(2)=200  len=5

[2] SAME container code, key=DirI64 meta=descending (no new monomorphization)
    ordered walk: 9 8 7 6 5 4 3 2 1 0   (descending — direction comes from cached meta, via vtable cmp)

[3] snapshot is independent of later mutation
    after insert: original len=6  snapshot len=5

[4] owned key handoff (HermesOrdVal, small-buffer optimization)
    took owned key = 3  inline=true

== done: 3 distinct runtime key types, ONE compiled OrdMap ==
