local    M1 a1 R1 
sibling  M2 M3 b3 R2 D3 
vec      M4 M5 c2 R4 R5 
box      M6 d6 R6 
generic  M7 s R7 
genret   M8 g8 R8 
nestvec  M9 h1 R9 
rc       M10 i10 R10 
enumvec  M11 j1 R11 
array    M12 M13 k12 R12 R13 
tuple    M14 l1 R14 
wrapvec  M15 m1 R15 
param    M16 e16 R16 
ud_local M17 n17 R17 
ud_vec   M18 o1 R18 
ud_param M19 f19 R19 
ud_clos  M20 p20 R20 
md_local M21 q21 R21 
md_vec   M22 r1 R22 
md_box   M23 t23 R23 
plain    M24 u24 D24 
plainvec M25 M26 v2 D25 D26 
plainbox M27 w27 D27 
md_inner M28 x28 D28 
plaingen M29 s D29 
