local    M1 a1 D1 
sibling  M2 M3 b3 D3 D2 
vec      M4 M5 c2 D4 D5 
box      M6 d6 D6 
generic  M7 s D7 
genret   M8 g8 D8 
nestvec  M9 h1 D9 
rc       M10 i10 D10 
enumvec  M11 j1 D11 
array    M12 M13 k12 D12 D13 
tuple    M14 l1 D14 
wrapvec  M15 m1 D15 
param    M16 e16 D16 
ud_local M17 n17 U D17 
ud_vec   M18 o1 U D18 
ud_param M19 f19 U D19 
ud_clos  M20 p20 U D20 
md_local M21 q21 D21 
md_vec   M22 r1 D22 
md_box   M23 t23 D23 
plain    M24 u24 D24 
plainvec M25 M26 v2 D25 D26 
plainbox M27 w27 D27 
md_inner M28 x28 D28 
plaingen M29 s D29 
