stdout:
i64 cls=0 bits=64 sgn=y repr=i64 canon=y fits=y ident=OK ord=OK cast=-
u64 cls=0 bits=64 sgn=n repr=i64 canon=n fits=n ident=OK ord=WRAP cast=i64
i32 cls=0 bits=32 sgn=y repr=i64 canon=n fits=y ident=OK ord=OK cast=i64
u32 cls=0 bits=32 sgn=n repr=i64 canon=n fits=y ident=OK ord=OK cast=i64
u56 cls=0 bits=56 sgn=n repr=i64 canon=n fits=y ident=OK ord=OK cast=i64
i128 cls=0 bits=128 sgn=y repr=i64 canon=n fits=n ident=NO_INJ ord=TRUNC cast=i64
u128 cls=0 bits=128 sgn=n repr=i64 canon=n fits=n ident=NO_INJ ord=TRUNC cast=i64
usize cls=0 bits=64 sgn=n repr=i64 canon=n fits=n ident=OK ord=WRAP cast=i64
isize cls=0 bits=64 sgn=y repr=i64 canon=n fits=y ident=OK ord=OK cast=i64
f32 cls=3 bits=32 sgn=y repr=f64 canon=n fits=y ident=NO_EQ ord=PARTIAL cast=f64
f64 cls=3 bits=64 sgn=y repr=f64 canon=y fits=y ident=NO_EQ ord=PARTIAL cast=-
bool cls=2 bits=1 sgn=n repr=bool canon=y fits=y ident=OK ord=OK cast=-
str cls=1 bits=0 sgn=n repr=str canon=y fits=y ident=OK ord=OK cast=-
String cls=1 bits=0 sgn=n repr=str canon=n fits=y ident=OK ord=OK cast=-
Prec cls=-1 bits=0 sgn=n repr=- canon=n fits=n ident=UNNAMED ord=UNNAMED cast=-
RowId cls=-1 bits=0 sgn=n repr=- canon=n fits=n ident=UNNAMED ord=UNNAMED cast=-
eq_hash INT=y STR=y BOOL=y FLT=n other=n
faithful i64=y u64=n u32=y f64=n Prec=n
fits_i64 i64=y u64=n u56=y f64=n Prec=n
