ceiling-probe: unarmed baseline (from the store where it is already there)
ceiling-probe: armed run — LOGOS_PROBE=sigselfdepth
fail-oracle: 1478 fail fixtures recorded (rc, stderr sha, .expected match) -> build/probe/failtext-ebe93d7ff05f3832-sigselfdepth.tsv
ceiling-probe: 'sigselfdepth'  builds 1006 (unarmed) -> 1008 (armed)
probe: fired 1632950 times
probe: CEILING = 0 rows
probe: COST    = 8 legal programs refused   [saw: pass(ledger+legal) fail(text) stdlib]
probe:           a LOWER bound — the corpus refuses only what it CONTAINS;
probe:           write the counter-examples)
probe:   logos_03_ownership_pass_drop_deref_assign_referent
probe:   logos_03_ownership_pass_drop_generic_struct
probe:   logos_03_ownership_pass_drop_mut_self_and_enum
probe:   logos_03_ownership_pass_drop_question_mark
probe:   logos_03_ownership_pass_drop_temp_field_base
probe:   logos_03_ownership_pass_drop_temp_receiver
probe:   logos_03_ownership_pass_drop_temp_recv_return
probe:   logos_25_spec_pass_type_4
probe: COST-fail = 0 of 1478 `-L bc -L fail` fixtures changed (rc 0, .expected-match 0, text-only 0)
probe: stdlib: all four layers compile under 'sigselfdepth'
probe: ⛔ COST >= CEILING — it refuses at least as many legal programs as it
probe:    closes rows. Exemptions might rescue it; the burden is showing WHICH.
probe: ⚠ a CEILING bounds the COUNT, not the SET: diff these names against what
probe:   you predicted BY NAME. A matching count can be two errors cancelling.
