ceiling-probe: unarmed baseline (from the store where it is already there)
ceiling-probe: armed run — LOGOS_PROBE=loanbk1
ceiling-probe: fail-text baseline for build dd621cba2c9a14e2 not yet measured
fail-oracle: 1507 fail fixtures recorded (rc, stderr sha, .expected match) -> build/probe/failtext-dd621cba2c9a14e2.tsv
fail-oracle: 1507 fail fixtures recorded (rc, stderr sha, .expected match) -> build/probe/failtext-dd621cba2c9a14e2-loanbk1.tsv
ceiling-probe: 'loanbk1'  builds 1072 (unarmed) -> 1073 (armed)
probe: fired 22781336 times
probe: CEILING = 0 rows
probe: COST    = 0 legal programs refused   [saw: pass(ledger+legal) fail(text) stdlib]
probe:           a LOWER bound — the corpus refuses only what it CONTAINS;
probe:           write the counter-examples)
probe: COST-fail = 1 of 1507 `-L bc -L fail` fixtures changed (rc 0, .expected-match 0, text-only 1)
probe:   TEXT logos_06_diagnostics_fail_issue-62007-assign-differing-fields--t22  stderr changed, .expected still matches
probe:   ⚠ the text-only rows are INVISIBLE TO ctest: run_test.sh matches
probe:     .expected as a grep -F SUBSTRING, so those fixtures stay GREEN.
probe: stdlib: ⛔ REFUSED: mem — the hardest COST there is. The stdlib asserts
probe: stdlib:   legality by being built; nothing downstream of it is meaningful.
probe: stdlib:   mem: 11 refusals; first four:
probe: stdlib:     error [fn walk_program_params]: cannot borrow 'src_bufs' as mutable: 'src_bufs' has shared borrows
probe: stdlib:     error [fn walk_program_params]: cannot borrow 'src_bufs' as mutable: 'src_bufs' has shared borrows
probe: stdlib:     error [fn walk_program_params]: cannot borrow 'src_bufs' as mutable: 'src_bufs' has shared borrows
probe: stdlib:     error [fn walk_program_params]: cannot borrow 'dsrc_bufs' as mutable: 'dsrc_bufs' has shared borrows
probe: COST-stdlib = REFUSED — this outranks every number above.
probe: ⛔ THE STDLIB DID NOT COMPILE — whatever ceiling 0 says, nothing
probe:    downstream of a stdlib that does not build is meaningful.
probe: ⚠ a CEILING bounds the COUNT, not the SET: diff these names against what
probe:   you predicted BY NAME. A matching count can be two errors cancelling.
