ceiling-probe: unarmed baseline (from the store where it is already there)
ceiling-probe: armed run — LOGOS_PROBE=ergoref
fail-oracle: 1410 fail fixtures recorded (rc, stderr sha, .expected match) -> build/probe/failtext-a4e09d1260502d78-ergoref.tsv
ceiling-probe: 'ergoref'  builds 814 (unarmed) -> 822 (armed)
probe: fired 16 times
probe: CEILING = 0 rows
probe: COST    = 1 legal programs refused   [saw: pass(ledger+legal) fail(text) stdlib]
probe:           a LOWER bound — the corpus refuses only what it CONTAINS;
probe:           write the counter-examples)
probe:   logos_03_ownership_pass_lifetime_match_ref_option
probe: COST-fail = 0 of 1410 `-L bc -L fail` fixtures changed (rc 0, .expected-match 0, text-only 0)
probe: stdlib: ⛔ REFUSED: lang — the hardest COST there is. The stdlib asserts
probe: stdlib:   legality by being built; nothing downstream of it is meaningful.
probe: stdlib:   lang: 0
probe: 0 refusals; first four:
probe: COST-stdlib = REFUSED — this outranks every number above.
probe: ⛔ THE STDLIB DID NOT COMPILE — whatever ceiling 0 says, nothing
probe:    downstream of a stdlib that does not build is meaningful.
probe: ⚠ a CEILING bounds the COUNT, not the SET: diff these names against what
probe:   you predicted BY NAME. A matching count can be two errors cancelling.
